stm32l4xx_it.c:87:6:NMI_Handler	4	static
stm32l4xx_it.c:100:6:HardFault_Handler	4	static
stm32l4xx_it.c:115:6:MemManage_Handler	4	static
stm32l4xx_it.c:130:6:BusFault_Handler	4	static
stm32l4xx_it.c:145:6:UsageFault_Handler	4	static
stm32l4xx_it.c:160:6:SVC_Handler	4	static
stm32l4xx_it.c:173:6:DebugMon_Handler	4	static
stm32l4xx_it.c:186:6:PendSV_Handler	4	static
stm32l4xx_it.c:199:6:SysTick_Handler	8	static
stm32l4xx_it.c:220:6:USART1_IRQHandler	8	static
stm32l4xx_it.c:234:6:USART3_IRQHandler	8	static
stm32l4xx_it.c:248:6:UART4_IRQHandler	8	static
