neth_gnss.c:30:6:gnss_hardwareReset	8	static
neth_gnss.c:40:6:gnss_hardwarePowerOff	8	static
neth_gnss.c:47:6:gnss_init	24	static
neth_gnss.c:81:6:gnss_reset	8	static
neth_gnss.c:86:6:gnss_updatePosition	8	static
neth_gnss.c:101:6:gnss_RxCallback	8	static
neth_gnss.c:140:6:gnss_RxITEnable	8	static
neth_gnss.c:149:6:gnss_RxITDisable	8	static
neth_gnss.c:158:6:gnss_chartoBuffer	24	static
neth_gnss.c:199:6:gnss_ExtractData	72	static
neth_gnss.c:291:8:gnss_getLatitude	8	static
neth_gnss.c:296:8:gnss_getLongitude	8	static
neth_gnss.c:301:6:gnss_getFixedStatus	4	static
neth_gnss.c:305:5:gnss_getDate	4	static
neth_gnss.c:309:5:gnss_getUTCtime	4	static
neth_gnss.c:313:5:gnss_getFixedQuality	4	static
neth_gnss.c:317:5:gnss_getNumofSatellite	4	static
neth_gnss.c:321:7:gnss_getAltitude	4	static
neth_gnss.c:325:7:gnss_getHeight	4	static
neth_gnss.c:329:7:gnss_getPDOP	4	static
neth_gnss.c:333:7:gnss_getHDOP	4	static
neth_gnss.c:337:7:gnss_getVDOP	4	static
neth_gnss.c:341:7:gnss_getSpeedOverGround	16	static
neth_gnss.c:348:6:gnss_ChecksumVerify	32	static
