neth_ATparser.c:24:6:AT_init	16	static
neth_ATparser.c:53:6:AT_RxCallback	8	static
neth_ATparser.c:103:6:AT_sendCheckReply	32	static
neth_ATparser.c:139:6:AT_sendNoCheck	24	static
neth_ATparser.c:159:6:AT_waitForString	56	dynamic
neth_ATparser.c:198:6:AT_returnString	32	static
neth_ATparser.c:234:10:AT_readline	24	static
neth_ATparser.c:256:10:AT_readlineOK	24	static
neth_ATparser.c:274:9:AT_getReply	24	static
neth_ATparser.c:301:6:AT_parseReply	40	static
neth_ATparser.c:325:6:AT_sendParseReply	24	static
neth_ATparser.c:337:6:AT_expectReplyOK	32	static
neth_ATparser.c:374:6:AT_sendCheckReplyByte	32	static
neth_ATparser.c:412:6:AT_sendCommand	16	static
neth_ATparser.c:420:6:AT_catchOK	4	static
neth_ATparser.c:438:6:AT_catchRDY	4	static
neth_ATparser.c:461:6:AT_catchError	4	static
neth_ATparser.c:484:6:AT_TxClear	8	static
neth_ATparser.c:489:6:AT_RxClear	8	static
neth_ATparser.c:495:6:AT_ClearAllFlag	4	static
