neth_uc200.c:27:6:APNlookupfromMccMnc	32	static
neth_uc200.c:91:6:UC200_genPowerOnPulse	8	static
neth_uc200.c:100:6:UC200_genPowerOffPulse	8	static
neth_uc200.c:107:6:UC200_init	16	static
neth_uc200.c:173:6:UC200_setBaudrate	80	static
neth_uc200.c:183:6:UC200_setFunctionality	80	static
neth_uc200.c:192:6:UC200_syncModule	24	static
neth_uc200.c:217:6:UC200_echoCommand	24	static,ignoring_inline_asm
neth_uc200.c:239:6:UC200_echoErrorMessage	24	static,ignoring_inline_asm
neth_uc200.c:262:6:UC200_setFormatOperator	80	static
neth_uc200.c:270:6:UC200_deRegistered	88	static
neth_uc200.c:297:6:UC200_setPreferredScan	80	static
neth_uc200.c:306:6:UC200_setPreferredPriority	80	static
neth_uc200.c:316:9:UC200_getNetworkStatus	32	static
neth_uc200.c:336:9:UC200_getCCID	24	static
neth_uc200.c:360:9:UC200_getIMEI	24	static
neth_uc200.c:384:9:UC200_getCSQ	24	static
neth_uc200.c:397:6:UC200_GPRSsetParam	160	static
neth_uc200.c:424:10:UC200_getMccMnc	24	static
neth_uc200.c:447:6:UC200_GPRSgetParamFromList	144	static
neth_uc200.c:477:6:UC200_GPRSenable	272	static
neth_uc200.c:546:6:UC200_GPRScheckIP	8	static
neth_uc200.c:556:6:UC200_RTCenableTimeSync	96	static
neth_uc200.c:590:6:UC200_RTCread	16	static
neth_uc200.c:606:6:UC200_ConvertEpochTime	56	static
neth_uc200.c:675:6:UC200_TcpipOpen	144	static
neth_uc200.c:684:6:UC200_TcpipClose	8	static
neth_uc200.c:689:6:UC200_TcpipSend	144	static
neth_uc200.c:703:6:UC200_TcpipReceive	144	static
neth_uc200.c:711:6:UC200_MqttConnectMessage	40	static
neth_uc200.c:776:6:UC200_MqttPublishMessage	48	static
neth_uc200.c:824:6:UC200_MQTTSubscribeMessage	32	static
neth_uc200.c:854:6:UC200T_MQTTsubscribe	280	static
neth_uc200.c:875:6:UC200_MQTTgetSubscribeMessage	216	static
neth_uc200.c:928:6:UC200_MqttSendPacket	24	static
neth_uc200.c:961:6:UC200_MQTTConnect	2216	static
neth_uc200.c:992:10:UC200_TcpipReceiveAvailable	24	static
neth_uc200.c:1002:6:UC200_MQTTConnectCheck	96	static
neth_uc200.c:1035:6:UC200_MQTTPingCheck	8	static
neth_uc200.c:1073:6:UC200_MQTTPublish	2200	static
neth_uc200.c:1112:6:UC200_Filelist	8	static
neth_uc200.c:1117:6:UC200_FileNew	216	static
neth_uc200.c:1155:6:UC200_FileWrite	248	static
neth_uc200.c:1197:6:UC200_FileRead	256	static
neth_uc200.c:1239:6:UC200_FileDelete	144	static
neth_uc200.c:1254:6:UC200_FileReadChunk	264	static
neth_uc200.c:1328:10:UC200_FileOpen	248	static
neth_uc200.c:1349:6:UC200_FileReadContinuous	168	static
neth_uc200.c:1397:6:UC200_FileClose	144	static
neth_uc200.c:1405:6:UC200_FileCheck	144	static
neth_uc200.c:1412:10:UC200_FileGetSize	184	static
neth_uc200.c:1437:6:UC200_EnterSleepMode	16	static
neth_uc200.c:1443:6:UC200_ExitSleepMode	8	static
